../Core/Src/main.c:85:5:main	8	static
../Core/Src/main.c:157:6:SystemClock_Config	96	static
../Core/Src/main.c:206:6:PeriphCommonClock_Config	144	static
../Core/Src/main.c:232:13:MX_ADC1_Init	48	static
../Core/Src/main.c:299:13:MX_ADC2_Init	32	static
../Core/Src/main.c:357:13:MX_TIM3_Init	40	static
../Core/Src/main.c:402:13:MX_TIM4_Init	40	static
../Core/Src/main.c:447:13:MX_TIM5_Init	40	static
../Core/Src/main.c:492:13:MX_USART2_UART_Init	8	static
../Core/Src/main.c:527:13:MX_GPIO_Init	48	static
../Core/Src/main.c:571:6:Error_Handler	4	static,ignoring_inline_asm
