../Core/Src/stm32l4xx_it.c:73:6:NMI_Handler	4	static
../Core/Src/stm32l4xx_it.c:86:6:HardFault_Handler	4	static
../Core/Src/stm32l4xx_it.c:99:6:MemManage_Handler	4	static
../Core/Src/stm32l4xx_it.c:112:6:BusFault_Handler	4	static
../Core/Src/stm32l4xx_it.c:125:6:UsageFault_Handler	4	static
../Core/Src/stm32l4xx_it.c:138:6:SVC_Handler	4	static
../Core/Src/stm32l4xx_it.c:150:6:DebugMon_Handler	4	static
../Core/Src/stm32l4xx_it.c:162:6:PendSV_Handler	4	static
../Core/Src/stm32l4xx_it.c:174:6:SysTick_Handler	8	static
../Core/Src/stm32l4xx_it.c:194:6:TIM3_IRQHandler	8	static
../Core/Src/stm32l4xx_it.c:209:6:TIM4_IRQHandler	56	static
../Core/Src/stm32l4xx_it.c:236:6:EXTI15_10_IRQHandler	8	static
