../Core/Src/stm32l4xx_it.c:76:6:NMI_Handler	4	static
../Core/Src/stm32l4xx_it.c:89:6:HardFault_Handler	4	static
../Core/Src/stm32l4xx_it.c:102:6:MemManage_Handler	4	static
../Core/Src/stm32l4xx_it.c:115:6:BusFault_Handler	4	static
../Core/Src/stm32l4xx_it.c:128:6:UsageFault_Handler	4	static
../Core/Src/stm32l4xx_it.c:141:6:SVC_Handler	4	static
../Core/Src/stm32l4xx_it.c:153:6:DebugMon_Handler	4	static
../Core/Src/stm32l4xx_it.c:165:6:PendSV_Handler	4	static
../Core/Src/stm32l4xx_it.c:177:6:SysTick_Handler	8	static
../Core/Src/stm32l4xx_it.c:197:6:TIM3_IRQHandler	8	static
../Core/Src/stm32l4xx_it.c:212:6:TIM4_IRQHandler	56	static
../Core/Src/stm32l4xx_it.c:245:6:EXTI15_10_IRQHandler	8	static
